User1: admin@example.com (20529881-ae72-4b6b-a44e-715c20c95d95)
User2: admin1@example.com (37cfb0b1-bb42-46c3-be9c-963b88637674)

Created book: 9535495d-e860-4182-9094-30c2f324f106 vis=private
Shared book with User2 as 'view'
Created private shlok: 399b6bef-6c92-4de4-89a1-85fe43f23a21
Created public shlok: b03d826c-d9ef-406e-a59e-697dcae4f968

=== Bug 1+3: Private shlok filtering ===
Owner sees: 2 shloks
Shared user sees: 1 shloks
  id=b03d826c-d9ef-406e-a59e-697dcae4f968 vis=public
PASS: private shlok is NOT visible to shared user
PASS: public shlok IS visible to shared user

=== Bug 5: Structural access ===
Shared meaning 0e2c1e59-c6d3-4ebc-a584-06f292aecb5c with User2 -> expect structural access on shlok+book
PASS: User2 can access private shlok via structural meaning access

=== Bug 3 / UI gating: permissions endpoint is owner-only ===
PASS: Non-owner gets 403 from permissions endpoint (correct, frontend now gates this)

=== Bug 4: Meaning visibility update ===
PASS: Meaning visibility updated to specific_users

All tests complete.
